// Jest Snapshot v1, https://goo.gl/fbAQLP

exports[`renders correctly 1`] = `
<Fragment>
  <Title />
  <styled.div>
    <Buttons
      showPacman={true}
    />
    <styled.div>
      <Grid
        ReportHandler={[Function]}
        resetGame={[Function]}
        showPacman={false}
      />
    </styled.div>
    <Report
      MovementArray={
        Array [
          Object {},
        ]
      }
      ShowReport={false}
      output={Array []}
    />
  </styled.div>
</Fragment>
`;
