// Jest Snapshot v1, https://goo.gl/fbAQLP

exports[`renders correctly 1`] = `
<Fragment>
  <PlayerContextProvider>
    <GridContextProvider>
      <BrowserRouter>
        <Routes>
          <Route
            element={<WelcomePage />}
            path="/"
          />
          <Route
            element={<PlayerName />}
            path="/Player"
          />
          <Route
            element={<GamePage />}
            path="/Game"
          />
        </Routes>
      </BrowserRouter>
    </GridContextProvider>
  </PlayerContextProvider>
</Fragment>
`;
